Linux version 6.12.0+ (root@WIN-EPMRQGIS89D) (gcc (Ubuntu 9.4.0-1ubuntu1~20.04.2) 9.4.0, GNU ld (GNU Binutils for Ubuntu) 2.34) #4 SMP PREEMPT_DYNAMIC Mon Jan 12 16:23:40 CST 2026
Command line: earlyprintk=ttyS0 console=ttyS0 lpj=7999923 root=/dev/sda1 disk_device=/dev/sda1
e820: detected CXL extended memory at 0x0000000100000000 (size: 0x200000000)
e820: CXL memory region successfully enabled as System RAM
BIOS-provided physical RAM map:
BIOS-e820: [mem 0x0000000000000000-0x000000000009fbff] usable
BIOS-e820: [mem 0x000000000009fc00-0x00000000000fffff] reserved
BIOS-e820: [mem 0x0000000000100000-0x00000000bfffffff] usable
BIOS-e820: [mem 0x00000000ffff0000-0x00000000ffffffff] reserved
BIOS-e820: [mem 0x0000000100000000-0x00000002ffffffff] usable
printk: legacy bootconsole [earlyser0] enabled
NX (Execute Disable) protection: active
APIC: Static calls initialized
SMBIOS 2.5 present.
DMI:  , BIOS  06/08/2008
DMI: Memory slots populated: 0/0
tsc: Fast TSC calibration failed
last_pfn = 0x300000 max_arch_pfn = 0x400000000
MTRRs disabled by BIOS
x86/PAT: Configuration [0-7]: WB  WC  UC- UC  WB  WP  UC- WT  
last_pfn = 0xc0000 max_arch_pfn = 0x400000000
found SMP MP-table at [mem 0x000f0050-0x000f005f]
ACPI: Early table checksum verification disabled
ACPI: RSDP 0x00000000000F01B0 000024 (v02       )
ACPI: XSDT 0x00000000000F01F8 000024 (v01                 00000000      00000000)
ACPI BIOS Error (bug): Invalid table length 0x24 in RSDT/XSDT (20240827/tbutils-283)
Intel MultiProcessor Specification v1.4
MPTABLE: OEM ID: 
MPTABLE: Product ID: 
MPTABLE: APIC at: 0xFEE00000
NUMA: Initializing heterogeneous memory topology (DRAM + CXL)
NODE_DATA(0) allocated [mem 0xbffde1c0-0xbfffffff]
NODE_DATA(1) allocated [mem 0x2fffd71c0-0x2ffff8fff]
Zone ranges:
  DMA      [mem 0x0000000000001000-0x0000000000ffffff]
  DMA32    [mem 0x0000000001000000-0x00000000ffffffff]
  Normal   [mem 0x0000000100000000-0x00000002ffffffff]
Movable zone start for each node
Early memory node ranges
  node   0: [mem 0x0000000000001000-0x000000000009efff]
  node   0: [mem 0x0000000000100000-0x00000000bfffffff]
  node   1: [mem 0x0000000100000000-0x00000002ffffffff]
Initmem setup node 0 [mem 0x0000000000001000-0x00000000bfffffff]
Initmem setup node 1 [mem 0x0000000100000000-0x00000002ffffffff]
On node 0, zone DMA: 1 pages in unavailable ranges
On node 0, zone DMA: 97 pages in unavailable ranges
Intel MultiProcessor Specification v1.4
MPTABLE: OEM ID: 
MPTABLE: Product ID: 
MPTABLE: APIC at: 0xFEE00000
CPU topo: Enumerated BSP APIC 0 is not marked in APICBASE MSR
CPU topo: Assuming crash kernel. Limiting to one CPU to prevent machine INIT
CPU topo: [Firmware Bug]: APIC enumeration order not specification compliant
Processor #0 (Bootup-CPU)
IOAPIC[0]: apic_id 1, version 20, address 0xfec00000, GSI 0-23
Processors: 1
CPU topo: Max. logical packages:   1
CPU topo: Max. logical dies:       1
CPU topo: Max. dies per package:   1
CPU topo: Max. threads per core:   1
CPU topo: Num. cores per package:     1
CPU topo: Num. threads per package:   1
CPU topo: Allowing 1 present CPUs plus 0 hotplug CPUs
[mem 0xc0000000-0xfffeffff] available for PCI devices
Booting paravirtualized kernel on bare hardware
clocksource: refined-jiffies: mask: 0xffffffff max_cycles: 0xffffffff, max_idle_ns: 1910969940391419 ns
setup_percpu: NR_CPUS:8192 nr_cpumask_bits:1 nr_cpu_ids:1 nr_node_ids:2
percpu: Embedded 54 pages/cpu s182040 r8192 d30952 u2097152
Kernel command line: earlyprintk=ttyS0 console=ttyS0 lpj=7999923 root=/dev/sda1 disk_device=/dev/sda1
Unknown kernel command line parameters "disk_device=/dev/sda1", will be passed to user space.
Fallback order for Node 0: 0 1 
Fallback order for Node 1: 1 0 
Built 2 zonelists, mobility grouping on.  Total pages: 2883486
Policy zone: Normal
mem auto-init: stack:off, heap alloc:off, heap free:off
software IO TLB: area num 1.
SLUB: HWalign=64, Order=0-3, MinObjects=0, CPUs=1, Nodes=2
Dynamic Preempt: voluntary
rcu: Preemptible hierarchical RCU implementation.
rcu: 	RCU restricting CPUs from NR_CPUS=8192 to nr_cpu_ids=1.
	Trampoline variant of Tasks RCU enabled.
rcu: RCU calculated value of scheduler-enlistment delay is 100 jiffies.
rcu: Adjusting geometry for rcu_fanout_leaf=16, nr_cpu_ids=1
RCU Tasks: Setting shift to 0 and lim to 1 rcu_task_cb_adjust=1 rcu_task_cpu_ids=1.
NR_IRQS: 524544, nr_irqs: 256, preallocated irqs: 16
rcu: srcu_init: Setting srcu_struct sizes based on contention.
Console: colour dummy device 80x25
printk: legacy console [ttyS0] enabled
printk: legacy console [ttyS0] enabled
printk: legacy bootconsole [earlyser0] disabled
printk: legacy bootconsole [earlyser0] disabled
mempolicy: Enabling automatic NUMA balancing. Configure with numa_balancing= or the kernel.numa_balancing sysctl
APIC: Switch to symmetric I/O mode setup
ExtINT not setup in hardware but reported by MP table
..TIMER: vector=0x30 apic1=0 pin1=2 apic2=0 pin2=0
tsc: Unable to calibrate against PIT
tsc: No reference (HPET/PMTIMER) available
tsc: Marking TSC unstable due to could not calculate TSC khz
Calibrating delay loop (skipped) preset value.. 15999.84 BogoMIPS (lpj=7999923)
Last level iTLB entries: 4KB 512, 2MB 8, 4MB 4
Last level dTLB entries: 4KB 512, 2MB 8, 4MB 4, 1GB 0
process: using mwait in idle threads
Spectre V1 : Mitigation: usercopy/swapgs barriers and __user pointer sanitization
Spectre V2 : Mitigation: Retpolines
Spectre V2 : Spectre v2 / SpectreRSB mitigation: Filling RSB on context switch
Spectre V2 : Spectre v2 / SpectreRSB : Filling RSB on VMEXIT
Speculative Store Bypass: Vulnerable
x86/fpu: x87 FPU will use FXSAVE
Freeing SMP alternatives memory: 20K
pid_max: default: 32768 minimum: 301
Dentry cache hash table entries: 2097152 (order: 12, 16777216 bytes, vmalloc hugepage)
Inode-cache hash table entries: 1048576 (order: 11, 8388608 bytes, vmalloc hugepage)
Mount-cache hash table entries: 32768 (order: 6, 262144 bytes, vmalloc)
Mountpoint-cache hash table entries: 32768 (order: 6, 262144 bytes, vmalloc)
smpboot: CPU0: Hygon Fake gem5 x86_64 CPU (family: 0xf, model: 0x25, stepping: 0x1)
Performance Events: Broken PMU hardware detected, using software events only.
Failed to access perfctr msr (MSR c0010007 is 0)
signal: max sigframe size: 1440
rcu: Hierarchical SRCU implementation.
rcu: 	Max phase no-delay instances is 400.
smp: Bringing up secondary CPUs ...
smp: Brought up 2 nodes, 1 CPU
smpboot: Total of 1 processors activated (15999.84 BogoMIPS)
Memory: 11227404K/11533944K available (12288K kernel code, 2297K rwdata, 4216K rodata, 2812K init, 2504K bss, 276404K reserved, 0K cma-reserved)
devtmpfs: initialized
clocksource: jiffies: mask: 0xffffffff max_cycles: 0xffffffff, max_idle_ns: 1911260446275000 ns
futex hash table entries: 256 (order: 2, 16384 bytes, vmalloc)
NET: Registered PF_NETLINK/PF_ROUTE protocol family
audit: initializing netlink subsys (disabled)
audit: type=2000 audit(1325376000.295:1): state=initialized audit_enabled=0 res=1
thermal_sys: Registered thermal governor 'step_wise'
thermal_sys: Registered thermal governor 'user_space'
cpuidle: using governor ladder
PCI: Using configuration type 1 for base access
HugeTLB: registered 2.00 MiB page size, pre-allocated 0 pages
HugeTLB: 0 KiB vmemmap can be freed for a 2.00 MiB page
ACPI: Interpreter disabled.
iommu: Default domain type: Translated
iommu: DMA domain TLB invalidation policy: lazy mode
SCSI subsystem initialized
usbcore: registered new interface driver usbfs
usbcore: registered new interface driver hub
usbcore: registered new device driver usb
pps_core: LinuxPPS API ver. 1 registered
pps_core: Software ver. 5.3.6 - Copyright 2005-2007 Rodolfo Giometti <giometti@linux.it>
PTP clock support registered
PCI: Probing PCI hardware
PCI host bridge to bus 0000:00
pci_bus 0000:00: Unknown NUMA node; performance will be reduced
pci_bus 0000:00: root bus resource [io  0x0000-0xffff]
pci_bus 0000:00: root bus resource [mem 0x00000000-0xffffffffffff]
pci_bus 0000:00: No busn resource found for root bus, will use [bus 00-ff]
pci 0000:00:04.0: [8086:7111] type 00 class 0x010180 conventional PCI endpoint
pci 0000:00:04.0: BAR 4 [io  0x0000-0x000f]
pci 0000:00:04.0: ROM [mem 0x00000000-0x000007ff pref]
pci 0000:00:04.0: BAR 0 [io  0x01f0-0x01f7]: legacy IDE quirk
pci 0000:00:04.0: BAR 1 [io  0x03f6]: legacy IDE quirk
pci 0000:00:04.0: BAR 2 [io  0x0170-0x0177]: legacy IDE quirk
pci 0000:00:04.0: BAR 3 [io  0x0376]: legacy IDE quirk
pci 0000:00:06.0: [8086:7890] type 00 class 0x050000 conventional PCI endpoint
pci 0000:00:06.0: BAR 0 [mem 0x00000000-0x1ffffffff 64bit]
pci 0000:00:06.0: BAR 2 [mem 0x00000000-0x001fffff 64bit]
pci 0000:00:06.0: BAR 4 [mem 0x00000000-0x0007ffff 64bit]
pci 0000:00:06.0: ROM [mem 0x00000000-0x000007ff pref]
pci_bus 0000:00: busn_res: [bus 00-ff] end is updated to 00
vgaarb: loaded
clocksource: Switched to clocksource refined-jiffies
VFS: Disk quotas dquot_6.6.0
VFS: Dquot-cache hash table entries: 512 (order 0, 4096 bytes)
pnp: PnP ACPI: disabled
NET: Registered PF_INET protocol family
IP idents hash table entries: 262144 (order: 9, 2097152 bytes, vmalloc)
tcp_listen_portaddr_hash hash table entries: 8192 (order: 5, 131072 bytes, vmalloc)
Table-perturb hash table entries: 65536 (order: 6, 262144 bytes, vmalloc)
TCP established hash table entries: 131072 (order: 8, 1048576 bytes, vmalloc)
TCP bind hash table entries: 65536 (order: 9, 2097152 bytes, vmalloc)
TCP: Hash tables configured (established 131072 bind 65536)
UDP hash table entries: 8192 (order: 6, 262144 bytes, vmalloc)
UDP-Lite hash table entries: 8192 (order: 6, 262144 bytes, vmalloc)
NET: Registered PF_UNIX/PF_LOCAL protocol family
pci 0000:00:06.0: BAR 0 [mem 0x400000000-0x5ffffffff 64bit]: assigned
pci 0000:00:06.0: BAR 2 [mem 0x300000000-0x3001fffff 64bit]: assigned
pci 0000:00:06.0: BAR 4 [mem 0x300200000-0x30027ffff 64bit]: assigned
pci 0000:00:04.0: ROM [mem 0xc0000000-0xc00007ff pref]: assigned
pci 0000:00:06.0: ROM [mem 0xc0000800-0xc0000fff pref]: assigned
pci 0000:00:04.0: BAR 4 [io  0x1000-0x100f]: assigned
pci_bus 0000:00: resource 4 [io  0x0000-0xffff]
pci_bus 0000:00: resource 5 [mem 0x00000000-0xffffffffffff]
PCI: CLS 0 bytes, default 64
PCI-DMA: Using software bounce buffering for IO (SWIOTLB)
software IO TLB: mapped [mem 0x00000000b8c00000-0x00000000bcc00000] (64MB)
platform rtc_cmos: registered platform RTC device (no PNP device found)
workingset: timestamp_bits=52 max_order=22 bucket_order=0
fuse: init (API version 7.41)
SGI XFS with ACLs, security attributes, realtime, scrub, repair, quota, fatal assert, debug enabled
Block layer SCSI generic (bsg) driver version 0.4 loaded (major 249)
io scheduler mq-deadline registered
io scheduler kyber registered
acpiphp_ibm: ibm_acpiphp_init: acpi_walk_namespace failed
Serial: 8250/16550 driver, 4 ports, IRQ sharing disabled
serial8250: ttyS0 at I/O 0x3f8 (irq = 4, base_baud = 115200) is a 8250
Linux agpgart interface v0.103
brd: module loaded
loop: module loaded
Loading iSCSI transport class v2.0-870.
ata_piix 0000:00:04.0: enabling device (0000 -> 0001)
ata_piix 0000:00:04.0: PCI->APIC IRQ transform: INT A -> IRQ 16
scsi host0: ata_piix
scsi host1: ata_piix
ata1: PATA max UDMA/33 cmd 0x1f0 ctl 0x3f6 bmdma 0x1000 irq 14 lpm-pol 0
ata2: PATA max UDMA/33 cmd 0x170 ctl 0x376 bmdma 0x1008 irq 15 lpm-pol 0
e1000: Intel(R) PRO/1000 Network Driver
e1000: Copyright (c) 1999-2006 Intel Corporation.
e1000e: Intel(R) PRO/1000 Network Driver
e1000e: Copyright(c) 1999 - 2015 Intel Corporation.
igb: Intel(R) Gigabit Ethernet Network Driver
igb: Copyright (c) 2007-2014 Intel Corporation.
igbvf: Intel(R) Gigabit Virtual Function Network Driver
igbvf: Copyright (c) 2009 - 2012 Intel Corporation.
ixgbe: Intel(R) 10 Gigabit PCI Express Network Driver
ixgbe: Copyright (c) 1999-2016 Intel Corporation.
ixgbevf: Intel(R) 10 Gigabit PCI Express Virtual Function Network Driver
ixgbevf: Copyright (c) 2009 - 2018 Intel Corporation.
i8042: PNP: No PS/2 controller found.
i8042: Probing ports directly.
serio: i8042 KBD port at 0x60,0x64 irq 1
serio: i8042 AUX port at 0x60,0x64 irq 12
mousedev: PS/2 mouse device common for all mice
fail to initialize ptp_kvm
input: AT Translated Set 2 keyboard as /devices/platform/i8042/serio0/input/input0
usbcore: registered new interface driver usbhid
usbhid: USB HID core driver
The cxl_mem driver module has been initialized successfully!
Detected the 0-th cxl_mem device: 
cxl_mem driver 0000:00:06.0: enabling device (0000 -> 0002)
cxl_mem driver 0000:00:06.0: can't find IRQ for PCI INT A; probably buggy MP table
		Device memory base address: 0x400000000 Device memory size: 0x200000000 (8192MB)
		The device memory space is mem io
		Registered major device number: 500, minor device number: 0
		The device file /dev/cxl_mem0 has been created.
					cxl_mem0 Memory Allocation Table
		----------------------------------------------------
		Process PID		Start Block Number		Partition Size		State
			 -1								 0						 2097152					Free
		----------------------------------------------------
NET: Registered PF_PACKET protocol family
IPI shorthand broadcast: enabled
Demotion targets for Node 0: null
Demotion targets for Node 1: null
Unstable clock detected, switching default tracing clock to "global"
If you want to keep using the local clock, then add:
  "trace_clock=local"
on the kernel command line
clk: Disabling unused clocks
ata1.00: ATA-7: M5 IDE Disk, , max UDMA/66
ata1.00: 50331648 sectors, multi 0: LBA 
scsi 0:0:0:0: Direct-Access     ATA      M5 IDE Disk      n/a  PQ: 0 ANSI: 5
sd 0:0:0:0: [sda] 50331648 512-byte logical blocks: (25.8 GB/24.0 GiB)
sd 0:0:0:0: Attached scsi generic sg0 type 0
sd 0:0:0:0: [sda] Write Protect is off
sd 0:0:0:0: [sda] Write cache: disabled, read cache: enabled, doesn't support DPO or FUA
sd 0:0:0:0: [sda] Preferred minimum I/O size 512 bytes
 sda: sda1
sd 0:0:0:0: [sda] Attached SCSI disk
EXT4-fs (sda1): mounted filesystem 1486de53-0975-458e-ba04-4630629e67aa r/w with ordered data mode. Quota mode: none.
VFS: Mounted root (ext4 filesystem) on device 8:1.
devtmpfs: mounted
Freeing unused kernel image (initmem) memory: 2812K
Write protecting the kernel read-only data: 18432k
Freeing unused kernel image (rodata/data gap) memory: 1928K
rodata_test: all tests were successful
Run /sbin/init as init process
systemd[1]: System time before build time, advancing clock.
systemd[1]: systemd 237 running in system mode. (+PAM +AUDIT +SELINUX +IMA +APPARMOR +SMACK +SYSVINIT +UTMP +LIBCRYPTSETUP +GCRYPT +GNUTLS +ACL +XZ +LZ4 +SECCOMP +BLKID +ELFUTILS +KMOD -IDN2 +IDN -PCRE2 default-hierarchy=hybrid)
systemd[1]: Detected architecture x86-64.

Welcome to [1mUbuntu 18.04.2 LTS[0m!

systemd[1]: Set hostname to <gem5-host>.
systemd[1]: File /lib/systemd/system/systemd-journald.service:36 configures an IP firewall (IPAddressDeny=any), but the local system does not support BPF/cgroup based firewalling.
systemd[1]: Proceeding WITHOUT firewalling in effect! (This warning is only shown for the first loaded unit using IP firewalling.)
random: crng init done
systemd[1]: Started Forward Password Requests to Wall Directory Watch.
[[0;32m  OK  [0m] Started Forward Password Requests to Wall Directory Watch.
systemd[1]: Created slice System Slice.
[[0;32m  OK  [0m] Created slice System Slice.
systemd[1]: Listening on fsck to fsckd communication Socket.
[[0;32m  OK  [0m] Listening on fsck to fsckd communication Socket.
systemd[1]: Listening on /dev/initctl Compatibility Named Pipe.
[[0;32m  OK  [0m] Listening on /dev/initctl Compatibility Named Pipe.
systemd[1]: Listening on Syslog Socket.
[[0;32m  OK  [0m] Listening on Syslog Socket.
[[0;32m  OK  [0m] Listening on udev Kernel Socket.
[[0;32m  OK  [0m] Listening on udev Control Socket.
[[0;32m  OK  [0m] Created slice User and Session Slice.
[[0;32m  OK  [0m] Listening on Journal Socket (/dev/log).
[[0;32m  OK  [0m] Reached target User and Group Name Lookups.
[[0;32m  OK  [0m] Listening on Journal Socket.
         Mounting Kernel Debug File System...
         Starting Create Static Device Nodes in /dev...
         Mounting POSIX Message Queue File System...
         Starting udev Coldplug all Devices...
         Mounting Huge Pages File System...
         Starting Remount Root and KerEXT4-fs (sda1): re-mounted 1486de53-0975-458e-ba04-4630629e67aa r/w. Quota mode: none.
nel File Systems...
[[0;32m  OK  [0m] Listening on Journal Audit Socket.
[[0;32m  OK  [0m] Created slice system-serial\x2dgetty.slice.
[[0;32m  OK  [0m] Reached target Remote File Systems.
[[0;32m  OK  [0m] Started Read required files in advance.
         Starting Journal Service...
         Starting Uncomplicated firewall...
[[0;32m  OK  [0m] Reached target Slices.
         Starting Load Kernel Modules...
         Starting Set the console keyboard layout...
[[0;32m  OK  [0m] Started Journal Service.
[[0;32m  OK  [0m] Mounted Kernel Debug File System.
[[0;32m  OK  [0m] Started Create Static Device Nodes in /dev.
[[0;32m  OK  [0m] Mounted POSIX Message Queue File System.
[[0;32m  OK  [0m] Mounted Huge Pages File System.
[[0;32m  OK  [0m] Started Remount Root and Kernel File Systems.
[[0;32m  OK  [0m] Started Uncomplicated firewall.
[[0;32m  OK  [0m] Started Load Kernel Modules.
[[0;32m  OK  [0m] Started Set the console keyboard layout.
[[0;32m  OK  [0m] Started udev Coldplug all Devices.
         Mounting Kernel Configuration File System...
         Starting Apply Kernel Variables...
         Mounting FUSE Control File System...
         Activating swap /swapfile...
         Starting Load/Save Random Seed...
[[0;32m  OK  [0m] Reached target Local File Systems (Pre).
[[0;32m  OK  [0m] Reached target Local File Systems.
         Starting Tell Plymouth To Write Out Runtime Data...
         Starting Set console font and keymap...
         Starting udev Kernel Device Manager...
         Starting Flush Journal to Persistent Storage...
[[0;32m  OK  [0m] Activated swap /swapfile.
[[0;32m  OK  [0m] Started udev Kernel Device Manager.
[[0;32m  OK  [0m] Mounted Kernel Configuration File System.
[[0;32m  OK  [0m] Started Apply Kernel Variables.
[[0;32m  OK  [0m] Mounted FUSE Control File System.
[[0;32m  OK  [0m] Started Load/Save Random Seed.
[[0;32m  OK  [0m] Started Tell Plymouth To Write Out Runtime Data.
[[0;32m  OK  [0m] Started Set console font and keymap.
[[0;32m  OK  [0m] Found device /dev/ttyS0.
         Starting Network Service...
[[0;32m  OK  [0m] Started Dispatch Password Requests to Console Directory Watch.
[[0;32m  OK  [0m] Reached target Paths.
[[0;32m  OK  [0m] Reached target Local Encrypted Volumes.
[[0;32m  OK  [0m] Reached target Swap.
[[0;32m  OK  [0m] Started Network Service.
[[0;32m  OK  [0m] Started Flush Journal to Persistent Storage.
         Starting Create Volatile Files and Directories...
[[0;32m  OK  [0m] Started Create Volatile Files and Directories.
         Starting Network Time Synchronization...
         Starting Update UTMP about System Boot/Shutdown...
         Starting Network Name Resolution...
[[0;32m  OK  [0m] Started Network Time Synchronization.
[[0;32m  OK  [0m] Started Network Name Resolution.
[[0;32m  OK  [0m] Reached target Network.
[[0;32m  OK  [0m] Reached target Host and Network Name Lookups.
[[0;32m  OK  [0m] Reached target System Time Synchronized.
[[0;32m  OK  [0m] Started Update UTMP about System Boot/Shutdown.
[[0;32m  OK  [0m] Reached target System Initialization.
[[0;32m  OK  [0m] Started Daily apt download activities.
[[0;32m  OK  [0m] Started Daily apt upgrade and clean activities.
[[0;32m  OK  [0m] Listening on D-Bus System Message Bus Socket.
[[0;32m  OK  [0m] Started Message of the Day.
[[0;32m  OK  [0m] Listening on UUID daemon activation socket.
[[0;32m  OK  [0m] Reached target Sockets.
[[0;32m  OK  [0m] Started Discard unused blocks once a week.
[[0;32m  OK  [0m] Started Daily Cleanup of Temporary Directories.
[[0;32m  OK  [0m] Reached target Timers.
[[0;32m  OK  [0m] Reached target Basic System.
         Starting Dispatcher daemon for systemd-networkd...
         Starting OpenBSD Secure Shell server...
[[0;32m  OK  [0m] Started irqbalance daemon.
         Starting Login Service...
         Starting LSB: Record successful boot for GRUB...
         Starting Permit User Sessions...
         Starting System Logging Service...
[[0;32m  OK  [0m] Started Regular background program processing daemon.
[[0;32m  OK  [0m] Started D-Bus System Message Bus.
[[0;32m  OK  [0m] Started Login Service.
[[0;32m  OK  [0m] Started Set the CPU Frequency Scaling governor.
         Starting Accounts Service...
[[0;32m  OK  [0m] Started System Logging Service.
[[0;32m  OK  [0m] Started Permit User Sessions.
[[0;32m  OK  [0m] Started OpenBSD Secure Shell server.
[[0;32m  OK  [0m] Started Accounts Service.
         Starting Terminate Plymouth Boot Screen...
         Starting Hold until boot process finishes up...
[[0;32m  OK  [0m] Started Dispatcher daemon for systemd-networkd.
[[0;32m  OK  [0m] Started LSB: Record successful boot for GRUB.
[[0;32m  OK  [0m] Started Terminate Plymouth Boot Screen.
[[0;32m  OK  [0m] Started Hold until boot process finishes up.
[[0;32m  OK  [0m] Started Serial Getty on ttyS0.
         Starting Set console scheme...
[[0;32m  OK  [0m] Started Set console scheme.
[[0;32m  OK  [0m] Created slice system-getty.slice.
[[0;32m  OK  [0m] Started Getty on tty1.
[[0;32m  OK  [0m] Reached target Login Prompts.
[[0;32m  OK  [0m] Reached target Multi-User System.
[[0;32m  OK  [0m] Reached target Graphical Interface.
         Starting Update UTMP about System Runlevel Changes...
[[0;32m  OK  [0m] Started Stop ureadahead data collection 45s after completed startup.
[[0;32m  OK  [0m] Started Update UTMP about System Runlevel Changes.

Ubuntu 18.04.2 LTS gem5-host ttyS0

gem5-host login: root (automatic login)

Welcome to Ubuntu 18.04.2 LTS (GNU/Linux 6.12.0+ x86_64)

 * Documentation:  https://help.ubuntu.com
 * Management:     https://landscape.canonical.com
 * Support:        https://ubuntu.com/advantage

New release '20.04.2 LTS' available.
Run 'do-release-upgrade' to upgrade to it.


The programs included with the Ubuntu system are free software;
the exact distribution terms for each program are described in the
individual files in /usr/share/doc/*/copyright.

Ubuntu comes with ABSOLUTELY NO WARRANTY, to the extent permitted by
applicable law.

Switched to Timing CPU
A_vaddr = 417000, paddr.phy = a285000
Computing...Computing...C